// Vitest Snapshot v1, https://vitest.dev/guide/snapshot.html

exports[`Toast > renders 1`] = `
<button
  aria-labelledby="radix-:r4:"
  class="overlay animate toast"
  data-state="open"
  id="radix-:r3:"
  role="dialog"
  style="pointer-events: auto;"
  tabindex="-1"
  type="button"
>
  <h3
    class="_typography_6v6n8_153 _font-body-sm-semibold_6v6n8_36"
    id="radix-:r4:"
  >
    Hello world!
  </h3>
</button>
`;
